================================================================================
QUERY: What are the restaurant operating hours?
================================================================================
ANSWER: No answer
================================================================================
SOURCES:
================================================================================